// Jest Snapshot v1, https://goo.gl/fbAQLP

exports[`Calculate.js File Testing renders correctly 1`] = `
<div
  data-testid="CalcContent"
>
  <h3
    className="MathM"
  >
    Let‘s do some math
  </h3>
  <div
    className="box"
  >
    <div
      className="screen"
    >
      0
    </div>
    <div
      className="flex-N"
    >
      <div
        className="Numbers"
      >
        <button
          onClick={[Function]}
          type="button"
        >
          AC
        </button>
        <button
          onClick={[Function]}
          type="button"
        >
          +/-
        </button>
        <button
          onClick={[Function]}
          type="button"
        >
          %
        </button>
        <button
          onClick={[Function]}
          type="button"
        >
          1
        </button>
        <button
          onClick={[Function]}
          type="button"
        >
          2
        </button>
        <button
          onClick={[Function]}
          type="button"
        >
          3
        </button>
        <button
          onClick={[Function]}
          type="button"
        >
          4
        </button>
        <button
          onClick={[Function]}
          type="button"
        >
          5
        </button>
        <button
          onClick={[Function]}
          type="button"
        >
          6
        </button>
        <button
          onClick={[Function]}
          type="button"
        >
          7
        </button>
        <button
          onClick={[Function]}
          type="button"
        >
          8
        </button>
        <button
          onClick={[Function]}
          type="button"
        >
          9
        </button>
        <button
          className="Zewo"
          onClick={[Function]}
          type="button"
        >
          0
        </button>
        <button
          onClick={[Function]}
          type="button"
        >
          .
        </button>
      </div>
      <div>
        <div
          className="arghitics"
        >
          <button
            onClick={[Function]}
            type="button"
          >
            ÷
          </button>
          <button
            onClick={[Function]}
            type="button"
          >
            x
          </button>
          <button
            onClick={[Function]}
            type="button"
          >
            -
          </button>
          <button
            onClick={[Function]}
            type="button"
          >
            +
          </button>
          <button
            onClick={[Function]}
            type="button"
          >
            =
          </button>
        </div>
      </div>
    </div>
  </div>
</div>
`;
